TAP version 13
# (node:3943) ExperimentalWarning: SQLite is an experimental feature and might change at any time
# (Use `node --trace-warnings ...` to show where the warning was created)
# Subtest: C01 before-accept: real SIGKILL preserves either evidence or explicit uncertainty without replay
ok 1 - C01 before-accept: real SIGKILL preserves either evidence or explicit uncertainty without replay
  ---
  duration_ms: 398.993504
  type: 'test'
  ...
# Subtest: C01 after-accept: real SIGKILL preserves either evidence or explicit uncertainty without replay
ok 2 - C01 after-accept: real SIGKILL preserves either evidence or explicit uncertainty without replay
  ---
  duration_ms: 406.900398
  type: 'test'
  ...
# Subtest: C01 after-intent: real SIGKILL preserves either evidence or explicit uncertainty without replay
ok 3 - C01 after-intent: real SIGKILL preserves either evidence or explicit uncertainty without replay
  ---
  duration_ms: 366.599888
  type: 'test'
  ...
# Subtest: C01 after-rename: real SIGKILL preserves either evidence or explicit uncertainty without replay
ok 4 - C01 after-rename: real SIGKILL preserves either evidence or explicit uncertainty without replay
  ---
  duration_ms: 383.077383
  type: 'test'
  ...
# Subtest: C01 after-result: real SIGKILL preserves either evidence or explicit uncertainty without replay
ok 5 - C01 after-result: real SIGKILL preserves either evidence or explicit uncertainty without replay
  ---
  duration_ms: 372.99008
  type: 'test'
  ...
# Subtest: C02 changed external bytes during crash reconciliation remain unknown, never overwritten
ok 6 - C02 changed external bytes during crash reconciliation remain unknown, never overwritten
  ---
  duration_ms: 350.905174
  type: 'test'
  ...
# (node:4020) ExperimentalWarning: SQLite is an experimental feature and might change at any time
# (Use `node --trace-warnings ...` to show where the warning was created)
# Subtest: I25 real daemon singleton, authenticated owner-only IPC, frontend loss and agent restart retain file receipts
ok 7 - I25 real daemon singleton, authenticated owner-only IPC, frontend loss and agent restart retain file receipts
  ---
  duration_ms: 1391.990156
  type: 'test'
  ...
# (node:4064) ExperimentalWarning: SQLite is an experimental feature and might change at any time
# (Use `node --trace-warnings ...` to show where the warning was created)
# Subtest: E02 real QuickJS composes authorized reads without Node host globals
ok 8 - E02 real QuickJS composes authorized reads without Node host globals # SKIP Not exercised: QuickJS WASM dependency is not installed
  ---
  duration_ms: 1.446565
  type: 'test'
  ...
# Subtest: E03 real QuickJS interrupts infinite code and rejects read-mode mutations
ok 9 - E03 real QuickJS interrupts infinite code and rejects read-mode mutations # SKIP Not exercised: QuickJS WASM dependency is not installed
  ---
  duration_ms: 0.278966
  type: 'test'
  ...
# Subtest: E04 code failure preserves first-write receipt and identical parent retry does not rerun
ok 10 - E04 code failure preserves first-write receipt and identical parent retry does not rerun # SKIP Not exercised: QuickJS WASM dependency is not installed
  ---
  duration_ms: 0.220794
  type: 'test'
  ...
# (node:4075) ExperimentalWarning: SQLite is an experimental feature and might change at any time
# (Use `node --trace-warnings ...` to show where the warning was created)
# Subtest: I01 guarded write and duplicate append preserve a single physical effect
ok 11 - I01 guarded write and duplicate append preserve a single physical effect
  ---
  duration_ms: 120.079243
  type: 'test'
  ...
# Subtest: I02 stale source or writer epoch never changes bytes
ok 12 - I02 stale source or writer epoch never changes bytes
  ---
  duration_ms: 57.587552
  type: 'test'
  ...
# Subtest: I03 file ranges preserve CRLF, UTF-8, empty files, tail and binary boundaries
ok 13 - I03 file ranges preserve CRLF, UTF-8, empty files, tail and binary boundaries
  ---
  duration_ms: 57.397252
  type: 'test'
  ...
# Subtest: I04 read_many returns partial per-file errors and huge lines require bytes
ok 14 - I04 read_many returns partial per-file errors and huge lines require bytes
  ---
  duration_ms: 50.368798
  type: 'test'
  ...
# Subtest: I05 listing snapshot pages are stable and reject changed directories
ok 15 - I05 listing snapshot pages are stable and reject changed directories
  ---
  duration_ms: 47.321465
  type: 'test'
  ...
# Subtest: I06 symlinks, hardlinks, traversal and protected installations are refused
ok 16 - I06 symlinks, hardlinks, traversal and protected installations are refused
  ---
  duration_ms: 46.285653
  type: 'test'
  ...
# Subtest: I07 multi-file patches support add/update/move with source and destination preconditions
ok 17 - I07 multi-file patches support add/update/move with source and destination preconditions
  ---
  duration_ms: 49.891603
  type: 'test'
  ...
# Subtest: I08 exact replacement count and destination collisions are not fuzzy-corrected
ok 18 - I08 exact replacement count and destination collisions are not fuzzy-corrected
  ---
  duration_ms: 51.033566
  type: 'test'
  ...
# Subtest: I09 removal is exact-action approved, recoverable and deduplicated
ok 19 - I09 removal is exact-action approved, recoverable and deduplicated
  ---
  duration_ms: 62.367826
  type: 'test'
  ...
# Subtest: I10 concurrent readers coexist; overlapping writable roots cannot steal ownership
ok 20 - I10 concurrent readers coexist; overlapping writable roots cannot steal ownership
  ---
  duration_ms: 58.020151
  type: 'test'
  ...
# Subtest: I11 exact account/device binding, OAuth scopes and connection epochs are enforced
ok 21 - I11 exact account/device binding, OAuth scopes and connection epochs are enforced
  ---
  duration_ms: 47.872355
  type: 'test'
  ...
# Subtest: I12 closed workspace handles stay closed and a later writer receives a new epoch
ok 22 - I12 closed workspace handles stay closed and a later writer receives a new epoch
  ---
  duration_ms: 51.231919
  type: 'test'
  ...
# Subtest: I13 active mutating jobs hold the gate after admission; unknown workers prevent unsafe closure
ok 23 - I13 active mutating jobs hold the gate after admission; unknown workers prevent unsafe closure
  ---
  duration_ms: 47.419332
  type: 'test'
  ...
# Subtest: I14 grant revocation fences both direct reads and pending work
ok 24 - I14 grant revocation fences both direct reads and pending work
  ---
  duration_ms: 43.922093
  type: 'test'
  ...
# Subtest: I15 unavailable, unknown, forbidden and stale capability contracts are distinguishable
ok 25 - I15 unavailable, unknown, forbidden and stale capability contracts are distinguishable
  ---
  duration_ms: 45.981491
  type: 'test'
  ...
# Subtest: I16 optional task reports are immutable, versioned and independent of workspace lifetime
ok 26 - I16 optional task reports are immutable, versioned and independent of workspace lifetime
  ---
  duration_ms: 52.563407
  type: 'test'
  ...
# Subtest: I17 payload expiry retains known outcome and cannot replay the original key
ok 27 - I17 payload expiry retains known outcome and cannot replay the original key
  ---
  duration_ms: 45.504481
  type: 'test'
  ...
# Subtest: I18 journal backup restores integrity and migrations are repeatable
ok 28 - I18 journal backup restores integrity and migrations are repeatable
  ---
  duration_ms: 51.070345
  type: 'test'
  ...
# (node:4086) ExperimentalWarning: SQLite is an experimental feature and might change at any time
# (Use `node --trace-warnings ...` to show where the warning was created)
# Subtest: E05 official MCP SDK in-memory transport negotiates 17 tools, structured read, static skills and exact resources
ok 29 - E05 official MCP SDK in-memory transport negotiates 17 tools, structured read, static skills and exact resources # SKIP Not exercised: MCP SDK / Zod are not installed
  ---
  duration_ms: 2.438113
  type: 'test'
  ...
# Subtest: E01 actual JOSE verifier rejects wrong issuer, audience, expiry, signature and absent scope
ok 30 - E01 actual JOSE verifier rejects wrong issuer, audience, expiry, signature and absent scope # SKIP Not exercised: jose is not installed
  ---
  duration_ms: 1.250854
  type: 'test'
  ...
# (node:4108) ExperimentalWarning: SQLite is an experimental feature and might change at any time
# (Use `node --trace-warnings ...` to show where the warning was created)
# Subtest: E06 real PostgreSQL / OAuth / WebSocket / MCP two-account two-device routing, dedupe, restart cache and revocation
ok 31 - E06 real PostgreSQL / OAuth / WebSocket / MCP two-account two-device routing, dedupe, restart cache and revocation # SKIP Not exercised: dependencies missing: pg,ws,jose,zod,@modelcontextprotocol/sdk
  ---
  duration_ms: 1.638662
  type: 'test'
  ...
# (node:4119) ExperimentalWarning: SQLite is an experimental feature and might change at any time
# (Use `node --trace-warnings ...` to show where the warning was created)
# Subtest: I19 search is durable, ignores ignored/hidden files, and supplies exact evidence
ok 32 - I19 search is durable, ignores ignored/hidden files, and supplies exact evidence
  ---
  duration_ms: 174.398096
  type: 'test'
  ...
# Subtest: I20 invalid regex is a typed error; valid regex runs in its bounded worker
ok 33 - I20 invalid regex is a typed error; valid regex runs in its bounded worker
  ---
  duration_ms: 412.82194
  type: 'test'
  ...
# Subtest: I21 concurrent searches and cancellation are separately scoped
ok 34 - I21 concurrent searches and cancellation are separately scoped
  ---
  duration_ms: 106.74199
  type: 'test'
  ...
# Subtest: I22 static skill hashes are byte-accurate and exclude approved private skills
ok 35 - I22 static skill hashes are byte-accurate and exclude approved private skills
  ---
  duration_ms: 128.745622
  type: 'test'
  ...
# Subtest: I23 live skill/reference loading reports provenance and changed versions without executing scripts
ok 36 - I23 live skill/reference loading reports provenance and changed versions without executing scripts
  ---
  duration_ms: 72.782428
  type: 'test'
  ...
# Subtest: I24 repository instructions stay inert and show path specificity
ok 37 - I24 repository instructions stay inert and show path specificity
  ---
  duration_ms: 48.072084
  type: 'test'
  ...
# (node:4133) ExperimentalWarning: SQLite is an experimental feature and might change at any time
# (Use `node --trace-warnings ...` to show where the warning was created)
# Subtest: I26 recursive copy and move preserve nested files and empty directories with explicit manifest preconditions
ok 38 - I26 recursive copy and move preserve nested files and empty directories with explicit manifest preconditions
  ---
  duration_ms: 126.594298
  type: 'test'
  ...
# Subtest: I27 changed subtree, existing destination, symlink and overlapping recursive paths fail without deleting sources
ok 39 - I27 changed subtree, existing destination, symlink and overlapping recursive paths fail without deleting sources
  ---
  duration_ms: 66.254229
  type: 'test'
  ...
# Subtest: I28 recursive remove requires exact owner approval and returns per-file protected recovery receipts
ok 40 - I28 recursive remove requires exact owner approval and returns per-file protected recovery receipts
  ---
  duration_ms: 54.475872
  type: 'test'
  ...
# (node:4144) ExperimentalWarning: SQLite is an experimental feature and might change at any time
# (Use `node --trace-warnings ...` to show where the warning was created)
# Subtest: U20 broker injects non-overridable read-only child authority even when the orchestration handler asks for a write
ok 41 - U20 broker injects non-overridable read-only child authority even when the orchestration handler asks for a write
  ---
  duration_ms: 102.609408
  type: 'test'
  ...
# (node:4155) ExperimentalWarning: SQLite is an experimental feature and might change at any time
# (Use `node --trace-warnings ...` to show where the warning was created)
# Subtest: U01 strict schemas reject unknown control fields, null, bad hashes, and oversized values
ok 42 - U01 strict schemas reject unknown control fields, null, bad hashes, and oversized values
  ---
  duration_ms: 3.145281
  type: 'test'
  ...
# Subtest: U02 control JSON cannot carry prototype keys, cycles, functions, nonfinite values or excessive depth
ok 43 - U02 control JSON cannot carry prototype keys, cycles, functions, nonfinite values or excessive depth
  ---
  duration_ms: 1.750721
  type: 'test'
  ...
# Subtest: U03 canonical hashes ignore object-key order, preserve argv boundaries and content bytes
ok 44 - U03 canonical hashes ignore object-key order, preserve argv boundaries and content bytes
  ---
  duration_ms: 1.700674
  type: 'test'
  ...
# Subtest: U04 cursors are versioned and bounded
ok 45 - U04 cursors are versioned and bounded
  ---
  duration_ms: 2.329114
  type: 'test'
  ...
# Subtest: U05 path boundaries reject absolute, traversal, NUL, ambiguous separators and normalization
ok 46 - U05 path boundaries reject absolute, traversal, NUL, ambiguous separators and normalization
  ---
  duration_ms: 1.196016
  type: 'test'
  ...
# Subtest: U06 registry revisions change on contracts, not timestamps or discovery
ok 47 - U06 registry revisions change on contracts, not timestamps or discovery
  ---
  duration_ms: 1.823134
  type: 'test'
  ...
# Subtest: U07 public-address filter denies SSRF targets, mapped addresses and documentation networks
ok 48 - U07 public-address filter denies SSRF targets, mapped addresses and documentation networks
  ---
  duration_ms: 15.85022
  type: 'test'
  ...
# Subtest: U08 bounded glob matching respects directory boundaries and double-star
ok 49 - U08 bounded glob matching respects directory boundaries and double-star
  ---
  duration_ms: 0.855051
  type: 'test'
  ...
# Subtest: U09 expected errors retain retry semantics and schema errors have their own code
ok 50 - U09 expected errors retain retry semantics and schema errors have their own code
  ---
  duration_ms: 3.271075
  type: 'test'
  ...
# Subtest: U10 exactly 17 direct tools and five static skill bundles; correct worst-case annotations
ok 51 - U10 exactly 17 direct tools and five static skill bundles; correct worst-case annotations
  ---
  duration_ms: 105.781272
  type: 'test'
  ...
# (node:4166) ExperimentalWarning: SQLite is an experimental feature and might change at any time
# (Use `node --trace-warnings ...` to show where the warning was created)
# Subtest: U14 only execution and read-only discovery RPCs are admitted, never inference or unsandboxed spawn
ok 52 - U14 only execution and read-only discovery RPCs are admitted, never inference or unsandboxed spawn
  ---
  duration_ms: 2.171568
  type: 'test'
  ...
# Subtest: U15 executor environment excludes credentials, loader hooks and model-controlled toolchain paths
ok 53 - U15 executor environment excludes credentials, loader hooks and model-controlled toolchain paths
  ---
  duration_ms: 3.944225
  type: 'test'
  ...
# Subtest: U16 sandbox profile is an explicit restricted-root contract, never danger-full-access
ok 54 - U16 sandbox profile is an explicit restricted-root contract, never danger-full-access
  ---
  duration_ms: 1.497063
  type: 'test'
  ...
# Subtest: U17 missing, mismatched or false qualification evidence cannot enable terminal execution
ok 55 - U17 missing, mismatched or false qualification evidence cannot enable terminal execution
  ---
  duration_ms: 94.640089
  type: 'test'
  ...
# (node:4177) ExperimentalWarning: SQLite is an experimental feature and might change at any time
# (Use `node --trace-warnings ...` to show where the warning was created)
# Subtest: U11 two output readers see identical immutable pages and separate stdout/stderr
ok 56 - U11 two output readers see identical immutable pages and separate stdout/stderr
  ---
  duration_ms: 172.423549
  type: 'test'
  ...
# Subtest: U12 quota eviction preserves absolute offsets and reports explicit gaps
ok 57 - U12 quota eviction preserves absolute offsets and reports explicit gaps
  ---
  duration_ms: 53.510493
  type: 'test'
  ...
# Subtest: U13 cursor ownership, split UTF-8 and corrupted output are handled explicitly
ok 58 - U13 cursor ownership, split UTF-8 and corrupted output are handled explicitly
  ---
  duration_ms: 46.901619
  type: 'test'
  ...
# Subtest: U18 test issuer refuses implicit enablement and production startup
ok 59 - U18 test issuer refuses implicit enablement and production startup
  ---
  duration_ms: 2.688466
  type: 'test'
  ...
# Subtest: U19 real fixture OIDC server enforces exact redirect and one-use PKCE authorization codes
ok 60 - U19 real fixture OIDC server enforces exact redirect and one-use PKCE authorization codes
  ---
  duration_ms: 726.810959
  type: 'test'
  ...
1..60
# tests 60
# suites 0
# pass 54
# fail 0
# cancelled 0
# skipped 6
# todo 0
# duration_ms 11618.78927
